ARM GAS  2darr.s 			page 1


   1              	.syntax unified 
   2              	.cpu cortex-m4 
   3              	.thumb 
   4 ???? 00040020 	.word 0x20000400 
   5 ???? ED000080 	.word 0x800000ed 
   6 ???? 00000000 	.space 0xe4 
   6      00000000 
   6      00000000 
   6      00000000 
   6      00000000 
   7              	
   8              	.data
   9 ???? 03020401 	array: .byte 3, 2, 4, 1, 5, 6,  
   9      050600
  10              	
  11              	.text
  12              	start:    
  13              	
  14              		ldr r0, =array  
  15              		
  16              		mov r1, #0     
  17              		mov r2, #0      
  18              		mov r3, #2  
  19              	    
  20              		mul r4, r1, r3  
  21              	  
  22 ???? 1444     		add r4, r4, r2 
  23              	    
  24              		ldrb r5, [r0, r4]  
  25              	
  26              	   
  27              	stop: 
  28 ???? FEE7     		b stop
  29              	
  30              	
  31              	
